
intel@DESKTOP-44MBUL4 MINGW64 /e/web_git_project
$ git --version
git version 2.51.0.windows.1

intel@DESKTOP-44MBUL4 MINGW64 /e/web_git_project
$ ^C

intel@DESKTOP-44MBUL4 MINGW64 /e/web_git_project
$ git init -b main
Initialized empty Git repository in E:/web_git_project/.git/

intel@DESKTOP-44MBUL4 MINGW64 /e/web_git_project (main)
$ git status
On branch main

No commits yet

Untracked files:
  (use "git add <file>..." to include in what will be committed)
        content.txt

nothing added to commit but untracked files present (use "git add" to track)

intel@DESKTOP-44MBUL4 MINGW64 /e/web_git_project (main)
$ git add content.txt

intel@DESKTOP-44MBUL4 MINGW64 /e/web_git_project (main)
$ git status
On branch main

No commits yet

Changes to be committed:
  (use "git rm --cached <file>..." to unstage)
        new file:   content.txt


intel@DESKTOP-44MBUL4 MINGW64 /e/web_git_project (main)
$ git config --global user.name "Anurag12081989"

intel@DESKTOP-44MBUL4 MINGW64 /e/web_git_project (main)
$ git config --global user.email "anuragbe12@gmail.com"

intel@DESKTOP-44MBUL4 MINGW64 /e/web_git_project (main)
$ git commit -m "first commit and edited two line"
[main (root-commit) 1dc9c7a] first commit and edited two line
 1 file changed, 2 insertions(+)
 create mode 100644 content.txt

intel@DESKTOP-44MBUL4 MINGW64 /e/web_git_project (main)
$ git log
commit 1dc9c7a9e5f382c5dd6c1874fc92fcb888dd26b9 (HEAD -> main)
Author: Anurag12081989 <anuragbe12@gmail.com>
Date:   Mon Aug 25 22:18:39 2025 +0530

    first commit and edited two line

intel@DESKTOP-44MBUL4 MINGW64 /e/web_git_project (main)
$
