ln: failed to create symbolic link '/etc/mtab': Permission denied
'C:\Windows\system32\drivers\etc\hosts' -> '/etc/hosts'
/usr/bin/cp: cannot create regular file '/etc/hosts': Permission denied
'C:\Windows\system32\drivers\etc\protocol' -> '/etc/protocols'
/usr/bin/cp: cannot create regular file '/etc/protocols': Permission denied
'C:\Windows\system32\drivers\etc\services' -> '/etc/services'
/usr/bin/cp: cannot create regular file '/etc/services': Permission denied
'C:\Windows\system32\drivers\etc\networks' -> '/etc/networks'
/usr/bin/cp: cannot create regular file '/etc/networks': Permission denied
rm: cannot remove '/etc/post-install/01-devices.post': Permission denied
rm: cannot remove '/etc/post-install/03-mtab.post': Permission denied
rm: cannot remove '/etc/post-install/06-windows-files.post': Permission denied
rm: cannot remove '/etc/post-install/99-post-install-cleanup.post': Permission denied

intel@DESKTOP-44MBUL4 MINGW64 /e/web_git_project (main)
$ git status
On branch main
Changes to be committed:
  (use "git restore --staged <file>..." to unstage)
        new file:   cmd.txt


intel@DESKTOP-44MBUL4 MINGW64 /e/web_git_project (main)
$ git commit -m "all the files in working dir is staged"
[main 2e708af] all the files in working dir is staged
 1 file changed, 60 insertions(+)
 create mode 100644 cmd.txt

intel@DESKTOP-44MBUL4 MINGW64 /e/web_git_project (main)
$ git status
On branch main
nothing to commit, working tree clean

intel@DESKTOP-44MBUL4 MINGW64 /e/web_git_project (main)
$ git log
commit 2e708af666dbbb8194bd2bad9e48511b655402a2 (HEAD -> main)
Author: Anurag12081989 <anuragbe12@gmail.com>
Date:   Tue Aug 26 20:54:33 2025 +0530

    all the files in working dir is staged

commit 1dc9c7a9e5f382c5dd6c1874fc92fcb888dd26b9
Author: Anurag12081989 <anuragbe12@gmail.com>
Date:   Mon Aug 25 22:18:39 2025 +0530

    first commit and edited two line

intel@DESKTOP-44MBUL4 MINGW64 /e/web_git_project (main)
$ git status
On branch main
nothing to commit, working tree clean

intel@DESKTOP-44MBUL4 MINGW64 /e/web_git_project (main)
$ git log
commit 2e708af666dbbb8194bd2bad9e48511b655402a2 (HEAD -> main)
Author: Anurag12081989 <anuragbe12@gmail.com>
Date:   Tue Aug 26 20:54:33 2025 +0530

    all the files in working dir is staged

commit 1dc9c7a9e5f382c5dd6c1874fc92fcb888dd26b9
Author: Anurag12081989 <anuragbe12@gmail.com>
Date:   Mon Aug 25 22:18:39 2025 +0530

    first commit and edited two line

intel@DESKTOP-44MBUL4 MINGW64 /e/web_git_project (main)
$ git remote add origin "https://github.com/Anurag12081989/25_AUG_GIT_WDE_ANURAG.git"

intel@DESKTOP-44MBUL4 MINGW64 /e/web_git_project (main)
$ git push origin main
info: please complete authentication in your browser...


intel@DESKTOP-44MBUL4 MINGW64 /e/web_git_project (main)
$ git push origin main
info: please complete authentication in your browser...
Enumerating objects: 6, done.
Counting objects: 100% (6/6), done.
Delta compression using up to 8 threads
Compressing objects: 100% (4/4), done.
Writing objects: 100% (6/6), 1.05 KiB | 540.00 KiB/s, done.
Total 6 (delta 0), reused 0 (delta 0), pack-reused 0 (from 0)
To https://github.com/Anurag12081989/25_AUG_GIT_WDE_ANURAG.git
 * [new branch]      main -> main

intel@DESKTOP-44MBUL4 MINGW64 /e/web_git_project (main)
$ git push origin main
To https://github.com/Anurag12081989/25_AUG_GIT_WDE_ANURAG.git
 ! [rejected]        main -> main (fetch first)
error: failed to push some refs to 'https://github.com/Anurag12081989/25_AUG_GIT_WDE_ANURAG.git'
hint: Updates were rejected because the remote contains work that you do not
hint: have locally. This is usually caused by another repository pushing to
hint: the same ref. If you want to integrate the remote changes, use
hint: 'git pull' before pushing again.
hint: See the 'Note about fast-forwards' in 'git push --help' for details.

intel@DESKTOP-44MBUL4 MINGW64 /e/web_git_project (main)
$ git pull origin main
remote: Enumerating objects: 4, done.
remote: Counting objects: 100% (4/4), done.
remote: Compressing objects: 100% (3/3), done.
remote: Total 3 (delta 0), reused 0 (delta 0), pack-reused 0 (from 0)
Unpacking objects: 100% (3/3), 1008 bytes | 2.00 KiB/s, done.
From https://github.com/Anurag12081989/25_AUG_GIT_WDE_ANURAG
 * branch            main       -> FETCH_HEAD
   2e708af..a2a7298  main       -> origin/main
Updating 2e708af..a2a7298
Fast-forward
 readme.txt | 1 +
 1 file changed, 1 insertion(+)
 create mode 100644 readme.txt

intel@DESKTOP-44MBUL4 MINGW64 /e/web_git_project (main)
$ ls
cmd.txt  content.txt  readme.txt

intel@DESKTOP-44MBUL4 MINGW64 /e/web_git_project (main)
$ git tag

intel@DESKTOP-44MBUL4 MINGW64 /e/web_git_project (main)
$ git tag -a v1.0 -m "first push and pull"

intel@DESKTOP-44MBUL4 MINGW64 /e/web_git_project (main)
$ git tag
v1.0

intel@DESKTOP-44MBUL4 MINGW64 /e/web_git_project (main)
$ git push origin --tags
Enumerating objects: 1, done.
Counting objects: 100% (1/1), done.
Writing objects: 100% (1/1), 168 bytes | 1024 bytes/s, done.
Total 1 (delta 0), reused 0 (delta 0), pack-reused 0 (from 0)
To https://github.com/Anurag12081989/25_AUG_GIT_WDE_ANURAG.git
 * [new tag]         v1.0 -> v1.0

intel@DESKTOP-44MBUL4 MINGW64 /e/web_git_project (main)
$ git branch
* main

intel@DESKTOP-44MBUL4 MINGW64 /e/web_git_project (main)
$ git branch anurag _b1
fatal: not a valid object name: '_b1'

intel@DESKTOP-44MBUL4 MINGW64 /e/web_git_project (main)
$ git branch
* main

intel@DESKTOP-44MBUL4 MINGW64 /e/web_git_project (main)
$ git branch anu_b1

intel@DESKTOP-44MBUL4 MINGW64 /e/web_git_project (main)
$ git branch anu_b2

intel@DESKTOP-44MBUL4 MINGW64 /e/web_git_project (main)
$ git branch anu_b3

intel@DESKTOP-44MBUL4 MINGW64 /e/web_git_project (main)
$ git branch anu_b4

intel@DESKTOP-44MBUL4 MINGW64 /e/web_git_project (main)
$ git branch
  anu_b1
  anu_b2
  anu_b3
  anu_b4
* main

intel@DESKTOP-44MBUL4 MINGW64 /e/web_git_project (main)
$ git checkout anu_b1
Switched to branch 'anu_b1'

intel@DESKTOP-44MBUL4 MINGW64 /e/web_git_project (anu_b1)
$ git branch
* anu_b1
  anu_b2
  anu_b3
  anu_b4
  main

intel@DESKTOP-44MBUL4 MINGW64 /e/web_git_project (anu_b1)
$ git ls-tree --name-only -r b1
fatal: Not a valid object name b1

intel@DESKTOP-44MBUL4 MINGW64 /e/web_git_project (anu_b1)
$ git ls-tree --name-only -r anu_b1
cmd.txt
content.txt
readme.txt

intel@DESKTOP-44MBUL4 MINGW64 /e/web_git_project (anu_b1)
$ cat content.txt
Line1 created by main
Line2 created by main
intel@DESKTOP-44MBUL4 MINGW64 /e/web_git_project (anu_b1)
$ cat readme.txt
this file is edited through github account and going to save in local repo.

intel@DESKTOP-44MBUL4 MINGW64 /e/web_git_project (anu_b1)
$
